2026-04-13 20:04:49,017 DEBUG    root            Loaded Command Group: ['gcloud', 'run']
2026-04-13 20:04:49,175 DEBUG    root            Loaded Command Group: ['gcloud', 'run', 'deploy']
2026-04-13 20:04:49,184 DEBUG    root            Running [gcloud.run.deploy] with arguments: [--allow-unauthenticated: "True", --env-vars-file: "{'APP_NAME': 'Student Society API', 'APP_ENV': 'production', 'DEBUG': 'false', 'LOG_LEVEL': 'INFO', 'API_PREFIX': '', 'SUPABASE_URL': 'https://kkcjbeyvmebuactcmbdi.supabase.co', 'SUPABASE_ANON_KEY': 'eyJhbGciOiJIUzI1NiIsInR5cCI6IkpXVCJ9.eyJpc3MiOiJzdXBhYmFzZSIsInJlZiI6ImtrY2piZXl2bWVidWFjdGNtYmRpIiwicm9sZSI6ImFub24iLCJpYXQiOjE3NzQ0MjkzOTUsImV4cCI6MjA5MDAwNTM5NX0.v0nNv3uB2jOlxSObKw9DjsAFAk2om1yqBBEqBy4Sbjw', 'SUPABASE_SERVICE_ROLE_KEY': 'eyJhbGciOiJIUzI1NiIsInR5cCI6IkpXVCJ9.eyJpc3MiOiJzdXBhYmFzZSIsInJlZiI6ImtrY2piZXl2bWVidWFjdGNtYmRpIiwicm9sZSI6InNlcnZpY2Vfcm9sZSIsImlhdCI6MTc3NDQyOTM5NSwiZXhwIjoyMDkwMDA1Mzk1fQ.Q0JQmoq1bJ6SGCUp0AK2EyGn0bjsgJRh0l1jtrfjyPY', 'BULK_MAILER_SECRET_KEY': 'NByJLuBPlFwGXJq3l3DuJnzSxU4UbA8AqzyNK53CbiU', 'BACKEND_BASE_URL': 'https://studentsociety-api-634993611773.asia-south1.run.app/', 'FRONTEND_APP_BASE_URL': 'https://studentsociety.in', 'CORS_ORIGINS': '*', 'META_APP_ID': '965541326028632', 'META_APP_SECRET': '7626f788f5e01302e6d7ef63c4901f52', 'META_REDIRECT_URI': 'https://studentsociety.in/app/tools/instagram-automation', 'META_GRAPH_API_VERSION': 'v25.0', 'META_WEBHOOK_VERIFY_TOKEN': 'studentsociety_pusprajjiyadav', 'META_OAUTH_SCOPES': 'instagram_basic,instagram_manage_messages,instagram_manage_comments,pages_show_list', 'INSTAGRAM_AUTOMATION_R2_PREFIX': 'automation/instagram', 'INSTAGRAM_AUTOMATION_WEBHOOK_ARCHIVE_ENABLED': 'true', 'INSTAGRAM_AUTOMATION_DEFAULT_DAILY_LIMIT_PER_SENDER': '1', 'INSTAGRAM_AUTOMATION_DEFAULT_COOLDOWN_SECONDS': '0', 'DATABASE_URL': 'postgresql+asyncpg://postgres:jbOprbGRzIpWwGb4@db.kkcjbeyvmebuactcmbdi.supabase.co:5432/postgres', 'SUPABASE_JWT_SECRET': '', 'SUPABASE_JWT_AUDIENCE': 'authenticated', 'SUPABASE_JWKS_CACHE_TTL_SECONDS': '3600', 'R2_ACCESS_KEY': '4501da5d1bcdeef4c0f833c4f48e7605', 'R2_SECRET_KEY': '6b9ef8d1e94b1bd9e19969894d9220d11da211fb09ebbe1842effe6813aa41fe', 'R2_BUCKET': 'studentsociety-media', 'R2_ENDPOINT': 'https://2372049d62681df994750eb8904cc940.r2.cloudflarestorage.com', 'R2_PUBLIC_BASE_URL': 'https://cdn.studentsociety.in', 'R2_PRESIGNED_URL_TTL_SECONDS': '900', 'REQUEST_TIMEOUT_SECONDS': '15', 'DB_POOL_SIZE': '10', 'DB_MAX_OVERFLOW': '20', 'POST_FEED_DEFAULT_LIMIT': '20', 'POST_FEED_MAX_LIMIT': '50', 'REALTIME_MESSAGE_TTL_SECONDS': '300', 'REALTIME_AUTH_TIMEOUT_SECONDS': '8', 'REALTIME_CLEANUP_INTERVAL_SECONDS': '1', 'REALTIME_MAX_PAYLOAD_BYTES': '32768', 'REALTIME_INTERNAL_SECRET': 'WG0dtf2gRvPEIMj-0cwp7D_snkW4A3Y6ifNyiMx77VYovVcM7NxdLxF1tdWTUNDG', 'REALTIME_REDIS_URL': '', 'REALTIME_CORS_ORIGINS': '*'}", --platform: "managed", --port: "8080", --project: "studentsociety-15812", --region: "asia-south1", --source: "backend", SERVICE: "studentsociety-api"]
2026-04-13 20:04:49,184 DEBUG    root            On GCE from memory cache: False
2026-04-13 20:04:49,187 DEBUG    root            On GCE from memory cache: False
2026-04-13 20:04:49,187 DEBUG    root            (gcloud.run.deploy) You do not currently have an active account selected.
Please run:

  $ gcloud auth login

to obtain new credentials.

If you have already logged in with a different account, run:

  $ gcloud config set account ACCOUNT

to select an already authenticated account to use.
Traceback (most recent call last):
  File "/Users/pusprajyadav/Documents/google-cloud-sdk/lib/googlecloudsdk/calliope/cli.py", line 957, in Execute
    resources = calliope_command.Run(cli=self, args=args)
  File "/Users/pusprajyadav/Documents/google-cloud-sdk/lib/googlecloudsdk/calliope/backend.py", line 968, in Run
    resources = command_instance.Run(args)
  File "/Users/pusprajyadav/Documents/google-cloud-sdk/lib/surface/run/deploy.py", line 863, in Run
    already_activated_services = api_enabler.check_and_enable_apis(
        properties.VALUES.core.project.Get(), required_apis
    )
  File "/Users/pusprajyadav/Documents/google-cloud-sdk/lib/googlecloudsdk/api_lib/run/api_enabler.py", line 48, in check_and_enable_apis
    apis_not_enabled = get_disabled_apis(project_id, required_apis)
  File "/Users/pusprajyadav/Documents/google-cloud-sdk/lib/googlecloudsdk/api_lib/run/api_enabler.py", line 78, in get_disabled_apis
    if not enable_api.IsServiceEnabled(project_id, api)
           ~~~~~~~~~~~~~~~~~~~~~~~~~~~^^^^^^^^^^^^^^^^^
  File "/Users/pusprajyadav/Documents/google-cloud-sdk/lib/googlecloudsdk/api_lib/services/enable_api.py", line 40, in IsServiceEnabled
    service = serviceusage.GetService(project_id, service_name)
  File "/Users/pusprajyadav/Documents/google-cloud-sdk/lib/googlecloudsdk/api_lib/services/serviceusage.py", line 1566, in GetService
    client = _GetClientInstance()
  File "/Users/pusprajyadav/Documents/google-cloud-sdk/lib/googlecloudsdk/api_lib/services/serviceusage.py", line 2182, in _GetClientInstance
    http_client = transports.GetApitoolsTransport(
        response_encoding=transport.ENCODING,
        enable_resource_quota=enable_resource_quota)
  File "/Users/pusprajyadav/Documents/google-cloud-sdk/lib/googlecloudsdk/core/credentials/transports.py", line 69, in GetApitoolsTransport
    session = requests.GetSession(
        timeout=timeout,
    ...<4 lines>...
        redact_request_body_reason=redact_request_body_reason,
    )
  File "/Users/pusprajyadav/Documents/google-cloud-sdk/lib/googlecloudsdk/core/credentials/requests.py", line 81, in GetSession
    credentials = store.LoadIfEnabled(
        allow_account_impersonation
    )
  File "/Users/pusprajyadav/Documents/google-cloud-sdk/lib/googlecloudsdk/core/credentials/store.py", line 601, in LoadIfEnabled
    return Load(
        allow_account_impersonation=allow_account_impersonation)
  File "/Users/pusprajyadav/Documents/google-cloud-sdk/lib/googlecloudsdk/core/credentials/store.py", line 825, in Load
    cred = _Load(
        account,
    ...<2 lines>...
        cache_only_rapt=cache_only_rapt,
    )
  File "/Users/pusprajyadav/Documents/google-cloud-sdk/lib/googlecloudsdk/core/credentials/store.py", line 961, in _Load
    raise creds_exceptions.NoActiveAccountException(
        named_configs.ActiveConfig(False).file_path)
googlecloudsdk.core.credentials.exceptions.NoActiveAccountException: You do not currently have an active account selected.
Please run:

  $ gcloud auth login

to obtain new credentials.

If you have already logged in with a different account, run:

  $ gcloud config set account ACCOUNT

to select an already authenticated account to use.
2026-04-13 20:04:49,190 ERROR    root            (gcloud.run.deploy) You do not currently have an active account selected.
Please run:

  $ gcloud auth login

to obtain new credentials.

If you have already logged in with a different account, run:

  $ gcloud config set account ACCOUNT

to select an already authenticated account to use.
2026-04-13 20:04:49,199 DEBUG    root            Metrics reporting process started...
